[2025-05-08 15:16:38] Sent and deleted: smaranika_mohanty@gmail.com
[2025-05-08 15:16:45] Sent and deleted: rakesh_mishra@gmail.com
[2025-05-08 15:16:54] Sent and deleted: debasish_nayak@gmail.com
[2025-05-08 15:17:01] Sent and deleted: kriti.m@email.com
[2025-05-08 15:17:09] Sent and deleted: suresh_sahu@gmail.com
[2025-05-08 15:17:16] Sent and deleted: debasish_patnaik@gmail.com
[2025-05-08 15:17:23] Sent and deleted: aryan.das@email.com
[2025-05-08 15:17:35] Sent and deleted: alok.r@email.com
[2025-05-08 15:17:42] Sent and deleted: amit_nayak@gmail.com
[2025-05-08 15:17:49] Sent and deleted: chandan_mohanty@gmail.com
[2025-05-08 15:17:57] Sent and deleted: akash.s@email.com
[2025-05-08 15:18:05] Sent and deleted: satyajit.n@email.com
[2025-05-08 15:18:13] Sent and deleted: mandeep_bhatt@gmail.com
[2025-05-08 15:18:21] Sent and deleted: debasish_das@gmail.com
[2025-05-08 15:18:29] Sent and deleted: akash_sahu@gmail.com
[2025-05-08 15:19:38] Sent and deleted: tanmay_patnaik@gmail.com
[2025-05-08 15:19:45] Sent and deleted: chandan_nayak@gmail.com
[2025-05-08 15:19:52] Sent and deleted: suresh_patnaik@gmail.com
[2025-05-08 15:19:59] Sent and deleted: rahul.b@email.com
[2025-05-08 15:20:08] Sent and deleted: manas.r@email.com
[2025-05-08 15:20:15] Sent and deleted: bikash.p@email.com
[2025-05-08 15:20:22] Sent and deleted: debasish_behera@gmail.com
[2025-05-08 15:20:29] Sent and deleted: subrat_senapati@gmail.com
[2025-05-08 15:20:36] Sent and deleted: amit_mohanty@gmail.com
[2025-05-08 15:20:44] Sent and deleted: sandeep.k@email.com
[2025-05-08 15:20:52] Sent and deleted: deepak.s@email.com
[2025-05-08 15:20:59] Sent and deleted: anupam.s@email.com
[2025-05-08 15:21:06] Sent and deleted: suresh_panda@gmail.com
[2025-05-08 15:21:13] Sent and deleted: suresh_rout@gmail.com
[2025-05-08 15:21:20] Sent and deleted: chandan_sahu@gmail.com
[2025-05-08 15:21:27] Sent and deleted: soumya_ranjan_nayak@gmail.com
[2025-05-08 15:36:22] Sent and deleted: debasish_rout@gmail.com
[2025-05-08 15:36:30] Sent and deleted: smaranika_mohanty@gmail.com
[2025-05-08 15:36:38] Sent and deleted: rakesh_mishra@gmail.com
[2025-05-08 15:36:46] Sent and deleted: debasish_nayak@gmail.com
[2025-05-08 15:36:55] Sent and deleted: kriti.m@email.com
[2025-05-08 15:37:02] Sent and deleted: suresh_sahu@gmail.com
[2025-05-08 15:37:10] Sent and deleted: debasish_patnaik@gmail.com
[2025-05-08 15:37:18] Sent and deleted: aryan.das@email.com
[2025-05-08 15:37:25] Sent and deleted: alok.r@email.com
[2025-05-08 15:37:34] Sent and deleted: amit_nayak@gmail.com
[2025-05-08 15:37:41] Sent and deleted: chandan_mohanty@gmail.com
[2025-05-08 15:37:50] Sent and deleted: akash.s@email.com
[2025-05-08 15:37:57] Sent and deleted: satyajit.n@email.com
[2025-05-08 15:38:05] Sent and deleted: mandeep_bhatt@gmail.com
[2025-05-08 15:38:07] Sent and deleted: mandeep_bhatt@gmail.com
[2025-05-08 15:38:13] Sent and deleted: debasish_das@gmail.com
[2025-05-08 15:38:16] Sent and deleted: debasish_das@gmail.com
[2025-05-08 15:38:21] Sent and deleted: akash_sahu@gmail.com
[2025-05-08 15:38:24] Sent and deleted: akash_sahu@gmail.com
[2025-05-08 15:38:29] Sent and deleted: tanmay_patnaik@gmail.com
[2025-05-08 15:38:33] Sent and deleted: tanmay_patnaik@gmail.com
[2025-05-08 15:38:37] Sent and deleted: chandan_nayak@gmail.com
[2025-05-08 15:38:41] Sent and deleted: chandan_nayak@gmail.com
[2025-05-08 15:38:45] Sent and deleted: suresh_patnaik@gmail.com
[2025-05-08 15:38:48] Sent and deleted: suresh_patnaik@gmail.com
[2025-05-08 15:38:53] Sent and deleted: rahul.b@email.com
[2025-05-08 15:38:57] Sent and deleted: rahul.b@email.com
[2025-05-08 15:39:01] Sent and deleted: manas.r@email.com
[2025-05-08 15:39:06] Sent and deleted: manas.r@email.com
[2025-05-08 15:39:12] Sent and deleted: bikash.p@email.com
[2025-05-08 15:39:21] Sent and deleted: debasish_behera@gmail.com
[2025-05-08 15:39:24] Sent and deleted: bikash.p@email.com
[2025-05-08 15:39:28] Sent and deleted: subrat_senapati@gmail.com
[2025-05-08 15:39:32] Sent and deleted: debasish_behera@gmail.com
[2025-05-08 15:39:35] Sent and deleted: amit_mohanty@gmail.com
[2025-05-08 15:39:38] Sent and deleted: subrat_senapati@gmail.com
[2025-05-08 15:39:44] Sent and deleted: sandeep.k@email.com
[2025-05-08 15:39:45] Sent and deleted: amit_mohanty@gmail.com
[2025-05-08 15:39:53] Sent and deleted: sandeep.k@email.com
[2025-05-08 15:39:56] Sent and deleted: deepak.s@email.com
[2025-05-08 15:40:00] Sent and deleted: deepak.s@email.com
[2025-05-08 15:40:03] Sent and deleted: anupam.s@email.com
[2025-05-08 15:40:07] Sent and deleted: anupam.s@email.com
[2025-05-08 15:40:10] Sent and deleted: suresh_panda@gmail.com
[2025-05-08 15:40:15] Sent and deleted: suresh_panda@gmail.com
[2025-05-08 15:40:18] Sent and deleted: suresh_rout@gmail.com
[2025-05-08 15:40:22] Sent and deleted: suresh_rout@gmail.com
[2025-05-08 15:40:25] Sent and deleted: chandan_sahu@gmail.com
[2025-05-08 15:40:29] Sent and deleted: chandan_sahu@gmail.com
[2025-05-08 15:40:33] Sent and deleted: soumya_ranjan_nayak@gmail.com
[2025-05-08 15:40:36] Sent and deleted: soumya_ranjan_nayak@gmail.com
[2025-05-08 15:40:42] Sent and deleted: rakesh_tripathy@gmail.com
[2025-05-08 15:40:43] Sent and deleted: rakesh_tripathy@gmail.com
[2025-05-08 15:40:50] Sent and deleted: rakesh_behera@gmail.com
[2025-05-08 15:40:54] Sent and deleted: rakesh_behera@gmail.com
[2025-05-08 15:40:58] Sent and deleted: amit_tripathy@gmail.com
[2025-05-08 15:41:01] Sent and deleted: amit_tripathy@gmail.com
[2025-05-08 15:41:06] Sent and deleted: ritika_das@gmail.com
[2025-05-08 15:41:08] Sent and deleted: ritika_das@gmail.com
[2025-05-08 15:41:12] Sent and deleted: bikash_panda@gmail.com
[2025-05-08 15:41:15] Sent and deleted: bikash_panda@gmail.com
[2025-05-08 15:41:20] Sent and deleted: suchitra_sahu@gmail.com
[2025-05-08 15:41:23] Sent and deleted: suchitra_sahu@gmail.com
[2025-05-08 15:41:27] Sent and deleted: priya_tripathy@gmail.com
[2025-05-08 15:41:30] Sent and deleted: priya_tripathy@gmail.com
[2025-05-08 15:41:35] Sent and deleted: ritu_nayak@gmail.com
[2025-05-08 15:41:37] Sent and deleted: ritu_nayak@gmail.com
[2025-05-08 15:41:43] Sent and deleted: ritu_patnaik@gmail.com
[2025-05-08 15:41:46] Sent and deleted: ritu_patnaik@gmail.com
[2025-05-08 15:41:52] Sent and deleted: priya_das@gmail.com
[2025-05-08 15:41:52] Sent and deleted: priya_das@gmail.com
[2025-05-08 15:41:59] Sent and deleted: sweta_patnaik@gmail.com
[2025-05-08 15:42:00] Sent and deleted: sweta_patnaik@gmail.com
[2025-05-08 15:42:06] Sent and deleted: ritu.n@email.com
[2025-05-08 15:42:07] Sent and deleted: ritu.n@email.com
[2025-05-08 15:42:14] Sent and deleted: ananya.d@email.com
[2025-05-08 15:42:15] Sent and deleted: ananya.d@email.com
[2025-05-08 15:42:23] Sent and deleted: divya.m@email.com
[2025-05-08 15:42:32] Sent and deleted: divya.m@email.com
[2025-05-08 15:42:32] Sent and deleted: debasmita_prusti@gmail.com
[2025-05-08 15:42:39] Sent and deleted: debasmita_prusti@gmail.com
[2025-05-08 15:42:39] Sent and deleted: alisa_behera@gmail.com
[2025-05-08 15:42:46] Sent and deleted: alisa_behera@gmail.com
[2025-05-08 15:42:47] Sent and deleted: smita_mishra@gmail.com
[2025-05-08 15:42:53] Sent and deleted: smita_mishra@gmail.com
[2025-05-08 15:42:56] Sent and deleted: priya_patnaik@gmail.com
[2025-05-08 15:43:10] Sent and deleted: priya_patnaik@gmail.com
[2025-05-08 15:43:17] Sent and deleted: priya.rout@email.com
[2025-05-08 15:43:24] Sent and deleted: swati.d@email.com
[2025-05-08 15:43:31] Sent and deleted: nisha.d@email.com
[2025-05-08 16:13:19] Sent and deleted: suprava_sahu@gmail.com
[2025-05-08 16:13:27] Sent and deleted: ananya_mohanty@gmail.com
[2025-05-08 16:13:34] Sent and deleted: sweta_nayak@gmail.com
[2025-05-08 16:13:40] Sent and deleted: niharika_patnaik@gmail.com
[2025-05-08 16:13:47] Sent and deleted: sneha.m@email.com
[2025-05-08 16:13:54] Sent and deleted: roshni.j@email.com
[2025-05-08 16:14:00] Sent and deleted: pooja.s@email.com
[2025-05-08 16:14:07] Sent and deleted: ananya_tripathy@gmail.com
[2025-05-08 16:14:19] Sent and deleted: ananya_rout@gmail.com
[2025-05-08 16:37:16] Sent and deleted: debasish_rout@gmail.com
[2025-05-08 16:37:22] Sent and deleted: smaranika_mohanty@gmail.com
