[2025-05-08 10:42:04] Sent to: debasish_rout@gmail.com
[2025-05-08 10:42:11] Sent to: suresh_sahu@gmail.com
[2025-05-08 10:42:17] Sent to: debasish_das@gmail.com
[2025-05-08 10:42:24] Sent to: amit_mohanty@gmail.com
[2025-05-08 10:42:30] Sent to: akash_sahu@gmail.com
[2025-05-08 10:42:36] Sent to: debasish_patnaik@gmail.com
[2025-05-08 10:42:43] Sent to: aryan.das@email.com
[2025-05-08 10:42:49] Sent to: rahul.b@email.com
[2025-05-08 10:42:55] Sent to: manas.r@email.com
[2025-05-08 10:43:02] Sent to: alok.r@email.com
[2025-05-08 10:43:30] Sent to: tanmay_patnaik@gmail.com
[2025-05-08 10:43:41] Sent to: smaranika_mohanty@gmail.com
[2025-05-08 10:43:48] Sent to: rakesh_mishra@gmail.com
[2025-05-08 10:43:54] Sent to: amit_nayak@gmail.com
[2025-05-08 10:44:00] Sent to: chandan_mohanty@gmail.com
[2025-05-08 10:44:07] Sent to: debasish_nayak@gmail.com
[2025-05-08 10:53:42] Sent and deleted: debasish_rout@gmail.com
[2025-05-08 10:53:48] Sent and deleted: suresh_sahu@gmail.com
[2025-05-08 10:53:55] Sent and deleted: debasish_das@gmail.com
[2025-05-08 10:54:01] Sent and deleted: amit_mohanty@gmail.com
[2025-05-08 10:54:07] Sent and deleted: akash_sahu@gmail.com
[2025-05-08 10:54:13] Sent and deleted: debasish_patnaik@gmail.com
[2025-05-08 10:54:20] Sent and deleted: aryan.das@email.com
[2025-05-08 10:54:26] Sent and deleted: rahul.b@email.com
[2025-05-08 10:59:48] Sent and deleted: debasish_rout@gmail.com
[2025-05-08 10:59:54] Sent and deleted: suresh_sahu@gmail.com
[2025-05-08 11:00:01] Sent and deleted: debasish_das@gmail.com
[2025-05-08 11:00:07] Sent and deleted: chandan_nayak@gmail.com
[2025-05-08 11:00:13] Sent and deleted: amit_mohanty@gmail.com
[2025-05-08 11:00:19] Sent and deleted: rakesh_behera@gmail.com
[2025-05-08 11:00:26] Sent and deleted: suresh_patnaik@gmail.com
[2025-05-08 11:00:32] Sent and deleted: akash_sahu@gmail.com
[2025-05-08 11:00:39] Sent and deleted: amit_tripathy@gmail.com
[2025-05-08 11:00:45] Sent and deleted: debasish_patnaik@gmail.com
[2025-05-08 11:00:51] Sent and deleted: aryan.das@email.com
[2025-05-08 11:00:57] Sent and deleted: rahul.b@email.com
[2025-05-08 11:01:04] Sent and deleted: sandeep.k@email.com
[2025-05-08 11:01:11] Sent and deleted: akash.s@email.com
[2025-05-08 11:01:17] Sent and deleted: manas.r@email.com
[2025-05-08 11:01:23] Sent and deleted: deepak.s@email.com
[2025-05-08 11:01:30] Sent and deleted: alok.r@email.com
[2025-05-08 11:01:36] Sent and deleted: kriti.m@email.com
[2025-05-08 11:01:42] Sent and deleted: bikash.p@email.com
[2025-05-08 11:01:48] Sent and deleted: anupam.s@email.com
[2025-05-08 11:01:55] Sent and deleted: satyajit.n@email.com
[2025-05-08 11:02:01] Sent and deleted: tanmay_patnaik@gmail.com
[2025-05-08 11:02:07] Sent and deleted: ritika_das@gmail.com
[2025-05-08 11:02:14] Sent and deleted: smaranika_mohanty@gmail.com
[2025-05-08 11:02:21] Sent and deleted: suchitra_sahu@gmail.com
[2025-05-08 11:02:27] Sent and deleted: rakesh_mishra@gmail.com
[2025-05-08 11:02:34] Sent and deleted: bikash_panda@gmail.com
[2025-05-08 11:02:41] Sent and deleted: suresh_panda@gmail.com
[2025-05-08 11:02:47] Sent and deleted: soumya_ranjan_nayak@gmail.com
[2025-05-08 11:02:54] Sent and deleted: rakesh_tripathy@gmail.com
[2025-05-08 11:03:00] Sent and deleted: suresh_rout@gmail.com
[2025-05-08 11:03:07] Sent and deleted: debasish_behera@gmail.com
[2025-05-08 11:03:24] Sent and deleted: amit_nayak@gmail.com
[2025-05-08 11:03:31] Sent and deleted: chandan_mohanty@gmail.com
[2025-05-08 11:03:36] Sent and deleted: chandan_sahu@gmail.com
[2025-05-08 11:03:43] Sent and deleted: subrat_senapati@gmail.com
[2025-05-08 11:03:49] Sent and deleted: mandeep_bhatt@gmail.com
[2025-05-08 11:03:56] Sent and deleted: debasish_nayak@gmail.com
[2025-05-08 11:04:02] Sent and deleted: priya_tripathy@gmail.com
[2025-05-08 11:04:08] Sent and deleted: ritu_patnaik@gmail.com
[2025-05-08 11:04:15] Sent and deleted: sweta_patnaik@gmail.com
[2025-05-08 11:04:21] Sent and deleted: smita_mishra@gmail.com
[2025-05-08 11:04:27] Sent and deleted: sweta_nayak@gmail.com
[2025-05-08 11:04:33] Sent and deleted: ritu_nayak@gmail.com
[2025-05-08 11:04:39] Sent and deleted: ananya_rout@gmail.com
[2025-05-08 11:04:45] Sent and deleted: niharika_patnaik@gmail.com
[2025-05-08 11:04:52] Sent and deleted: priya_patnaik@gmail.com
[2025-05-08 11:04:58] Sent and deleted: ananya_mohanty@gmail.com
[2025-05-08 11:05:04] Sent and deleted: priya_das@gmail.com
[2025-05-08 11:05:10] Sent and deleted: priya.rout@email.com
[2025-05-08 11:13:29] Sent and deleted: sneha.m@email.com
[2025-05-08 11:13:36] Sent and deleted: ritu.n@email.com
[2025-05-08 11:13:42] Sent and deleted: swati.d@email.com
[2025-05-08 11:13:48] Sent and deleted: pooja.s@email.com
[2025-05-08 11:13:55] Sent and deleted: ananya.d@email.com
[2025-05-08 11:14:02] Sent and deleted: roshni.j@email.com
[2025-05-08 11:14:07] Sent and deleted: divya.m@email.com
[2025-05-08 11:14:14] Sent and deleted: nisha.d@email.com
[2025-05-08 11:14:20] Sent and deleted: ananya_tripathy@gmail.com
[2025-05-08 11:14:27] Sent and deleted: alisa_behera@gmail.com
[2025-05-08 11:14:33] Sent and deleted: suprava_sahu@gmail.com
[2025-05-08 11:14:39] Sent and deleted: debasmita_prusti@gmail.com
[2025-05-08 13:39:27] Sent and deleted: suresh_sahu@gmail.com
[2025-05-08 13:39:33] Sent and deleted: debasish_patnaik@gmail.com
[2025-05-08 13:39:38] Sent and deleted: aryan.das@email.com
[2025-05-08 13:39:43] Sent and deleted: alok.r@email.com
[2025-05-08 13:39:48] Sent and deleted: amit_nayak@gmail.com
[2025-05-08 13:39:53] Sent and deleted: chandan_mohanty@gmail.com
[2025-05-08 13:39:59] Sent and deleted: akash.s@email.com
[2025-05-08 13:40:04] Sent and deleted: satyajit.n@email.com
[2025-05-08 13:40:09] Sent and deleted: mandeep_bhatt@gmail.com
[2025-05-08 13:40:14] Sent and deleted: debasish_das@gmail.com
[2025-05-08 13:40:19] Sent and deleted: akash_sahu@gmail.com
[2025-05-08 13:40:24] Sent and deleted: tanmay_patnaik@gmail.com
[2025-05-08 13:40:29] Sent and deleted: chandan_nayak@gmail.com
[2025-05-08 13:40:35] Sent and deleted: suresh_patnaik@gmail.com
[2025-05-08 13:40:40] Sent and deleted: rahul.b@email.com
[2025-05-08 13:40:45] Sent and deleted: manas.r@email.com
[2025-05-08 13:40:51] Sent and deleted: bikash.p@email.com
[2025-05-08 13:40:56] Sent and deleted: debasish_behera@gmail.com
[2025-05-08 13:41:01] Sent and deleted: subrat_senapati@gmail.com
[2025-05-08 13:41:06] Sent and deleted: amit_mohanty@gmail.com
[2025-05-08 13:41:12] Sent and deleted: sandeep.k@email.com
[2025-05-08 13:41:18] Sent and deleted: deepak.s@email.com
[2025-05-08 13:41:23] Sent and deleted: anupam.s@email.com
[2025-05-08 13:41:28] Sent and deleted: suresh_panda@gmail.com
[2025-05-08 13:41:33] Sent and deleted: suresh_rout@gmail.com
[2025-05-08 13:41:39] Sent and deleted: chandan_sahu@gmail.com
[2025-05-08 13:41:45] Sent and deleted: soumya_ranjan_nayak@gmail.com
[2025-05-08 13:41:50] Sent and deleted: rakesh_tripathy@gmail.com
[2025-05-08 13:41:56] Sent and deleted: rakesh_behera@gmail.com
[2025-05-08 13:42:01] Sent and deleted: amit_tripathy@gmail.com
[2025-05-08 13:42:06] Sent and deleted: ritika_das@gmail.com
[2025-05-08 13:42:12] Sent and deleted: bikash_panda@gmail.com
[2025-05-08 13:42:17] Sent and deleted: suchitra_sahu@gmail.com
[2025-05-08 13:42:22] Sent and deleted: kriti.m@email.com
[2025-05-08 13:42:27] Sent and deleted: smaranika_mohanty@gmail.com
[2025-05-08 13:42:33] Sent and deleted: rakesh_mishra@gmail.com
[2025-05-08 13:42:38] Sent and deleted: debasish_nayak@gmail.com
[2025-05-08 13:42:43] Sent and deleted: priya_tripathy@gmail.com
[2025-05-08 13:42:48] Sent and deleted: ritu_nayak@gmail.com
[2025-05-08 13:42:53] Sent and deleted: ritu_patnaik@gmail.com
[2025-05-08 13:42:59] Sent and deleted: priya_das@gmail.com
[2025-05-08 13:43:04] Sent and deleted: sweta_patnaik@gmail.com
[2025-05-08 13:43:09] Sent and deleted: ritu.n@email.com
[2025-05-08 13:43:14] Sent and deleted: ananya.d@email.com
[2025-05-08 13:43:20] Sent and deleted: divya.m@email.com
[2025-05-08 13:43:25] Sent and deleted: debasmita_prusti@gmail.com
[2025-05-08 13:43:32] Sent and deleted: alisa_behera@gmail.com
[2025-05-08 13:43:37] Sent and deleted: smita_mishra@gmail.com
[2025-05-08 13:43:42] Sent and deleted: priya_patnaik@gmail.com
[2025-05-08 13:43:48] Sent and deleted: priya.rout@email.com
[2025-05-08 13:43:53] Sent and deleted: swati.d@email.com
[2025-05-08 13:43:58] Sent and deleted: nisha.d@email.com
[2025-05-08 13:44:05] Sent and deleted: suprava_sahu@gmail.com
[2025-05-08 13:44:10] Sent and deleted: ananya_mohanty@gmail.com
[2025-05-08 13:44:16] Sent and deleted: sweta_nayak@gmail.com
[2025-05-08 13:44:22] Sent and deleted: niharika_patnaik@gmail.com
[2025-05-08 13:44:27] Sent and deleted: sneha.m@email.com
[2025-05-08 13:44:32] Sent and deleted: roshni.j@email.com
[2025-05-08 13:44:38] Sent and deleted: pooja.s@email.com
[2025-05-08 13:44:43] Sent and deleted: ananya_tripathy@gmail.com
[2025-05-08 13:44:48] Sent and deleted: ananya_rout@gmail.com
[2025-05-08 13:44:53] Sent and deleted: debasish_rout@gmail.com
